error: C-style string cannot contain nul characters
 --> $DIR/nul-compile-fail-1.rs:4:12
  |
4 |     wch_c!("fails \0 to compile");
  |            ^^^^^^^^^^^^^^^^^^^^^
  |
  = note: this error originates in a macro (in Nightly builds, run with -Z macro-backtrace for more info)
