error: couldn't read $DIR/tests/ui_unstable/../data: Is a directory (os error 21)
 --> $DIR/dir_include_wch.rs:3:38
  |
3 | const DIR: &[wchar_t] = include_wch!("../data");
  |                                      ^^^^^^^^^
